2025-07-06 21:05:00 | WARN | repo=2017-course-sys-int-osgi-seminar | action=commit
2025-11-28 18:52:00 | WARN | repo=2017-course-sys-int-osgi-seminar | action=commit
2025-09-06 15:16:00 | WARN | repo=2017-course-sys-int-osgi-seminar | action=edit | files=2
2025-08-01 21:41:00 | DEBUG | repo=2017-course-sys-int-osgi-seminar | action=commit
2025-12-03 08:54:00 | INFO | repo=2017-course-sys-int-osgi-seminar | action=commit
2025-10-20 19:05:00 | INFO | repo=2017-course-sys-int-osgi-seminar | action=pull
2025-03-07 07:50:00 | WARN | repo=2017-course-sys-int-osgi-seminar | action=commit
2025-11-10 19:25:00 | WARN | repo=2017-course-sys-int-osgi-seminar | action=commit
2025-04-07 15:58:00 | DEBUG | repo=2017-course-sys-int-osgi-seminar | action=commit
2025-01-13 17:08:00 | INFO | repo=2017-course-sys-int-osgi-seminar | action=pull
2025-06-10 12:08:00 | WARN | repo=2017-course-sys-int-osgi-seminar | action=commit
2025-07-21 15:19:00 | INFO | repo=2017-course-sys-int-osgi-seminar | action=commit
2025-12-24 20:32:00 | WARN | repo=2017-course-sys-int-osgi-seminar | action=commit
2025-09-23 21:29:00 | WARN | repo=2017-course-sys-int-osgi-seminar | action=commit
2025-11-11 17:37:00 | INFO | repo=2017-course-sys-int-osgi-seminar | action=commit
2025-11-12 10:20:00 | DEBUG | repo=2017-course-sys-int-osgi-seminar | action=pull
2025-05-09 11:07:00 | DEBUG | repo=2017-course-sys-int-osgi-seminar | action=pull
2025-12-16 16:36:00 | WARN | repo=2017-course-sys-int-osgi-seminar | action=commit
2025-09-26 21:48:00 | WARN | repo=2017-course-sys-int-osgi-seminar | action=commit
2025-06-18 14:38:00 | DEBUG | repo=2017-course-sys-int-osgi-seminar | action=commit
2025-01-24 18:29:00 | DEBUG | repo=2017-course-sys-int-osgi-seminar | action=commit
2025-07-11 07:01:00 | WARN | repo=2017-course-sys-int-osgi-seminar | action=commit
2025-09-21 13:29:00 | WARN | repo=2017-course-sys-int-osgi-seminar | action=commit
2025-11-23 14:40:00 | INFO | repo=2017-course-sys-int-osgi-seminar | action=commit
